<area shape="rect" href="getargs.html" title="getargs" alt="getargs" coords="719,304,812,352">
<area shape="rect" href="warning_wrap.html" title="warning_wrap" alt="warning_wrap" coords="919,496,1087,544">
<area shape="rect" href="gmmb_classify.html" title="gmmb_classify" alt="gmmb_classify" coords="431,16,601,64">
<area shape="rect" href="gmmb_decide.html" title="gmmb_decide" alt="gmmb_decide" coords="1007,112,1167,160">
<area shape="rect" href="gmmb_frac2lhood.html" title="gmmb_frac2lhood" alt="gmmb_frac2lhood" coords="388,208,591,256">
<area shape="rect" href="gmmb_generatehist.html" title="gmmb_generatehist" alt="gmmb_generatehist" coords="215,112,428,160">
<area shape="rect" href="gmmb_normalize.html" title="gmmb_normalize" alt="gmmb_normalize" coords="553,112,748,160">
<area shape="rect" href="gmmb_pdf.html" title="gmmb_pdf" alt="gmmb_pdf" coords="31,208,167,256">
<area shape="rect" href="gmmb_weightprior.html" title="gmmb_weightprior" alt="gmmb_weightprior" coords="772,112,983,160">
<area shape="rect" href="gmmb_mkcplx.html" title="gmmb_mkcplx" alt="gmmb_mkcplx" coords="191,208,364,256">
<area shape="rect" href="gmmb_cmvnpdf.html" title="gmmb_cmvnpdf" alt="gmmb_cmvnpdf" coords="404,304,593,352">
<area shape="rect" href="gmmb_covfixer.html" title="gmmb_covfixer" alt="gmmb_covfixer" coords="913,400,1092,448">
<area shape="rect" href="gmmb_create.html" title="gmmb_create" alt="gmmb_create" coords="1463,112,1620,160">
<area shape="rect" href="gmmb_em.html" title="gmmb_em" alt="gmmb_em" coords="1072,208,1203,256">
<area shape="rect" href="gmmb_fj.html" title="gmmb_fj" alt="gmmb_fj" coords="615,208,735,256">
<area shape="rect" href="gmmb_gem.html" title="gmmb_gem" alt="gmmb_gem" coords="1576,208,1717,256">
<area shape="rect" href="gmmb_em_init_cmeans1.html" title="gmmb_em_init_cmeans1" alt="gmmb_em_init_cmeans1" coords="1143,304,1404,352">
<area shape="rect" href="gmmb_em_init_cmeans2.html" title="gmmb_em_init_cmeans2" alt="gmmb_em_init_cmeans2" coords="1428,304,1695,352">
<area shape="rect" href="gmmb_em_init_fcm1.html" title="gmmb_em_init_fcm1" alt="gmmb_em_init_fcm1" coords="887,304,1119,352">
<area shape="rect" href="gmmbvl_em.html" title="gmmbvl_em" alt="gmmbvl_em" coords="2073,304,2223,352">
<area shape="rect" href="gmmb_demo01.html" title="gmmb_demo01" alt="gmmb_demo01" coords="1001,16,1172,64">
<area shape="rect" href="gmmb_fracthresh.html" title="gmmb_fracthresh" alt="gmmb_fracthresh" coords="1241,112,1439,160">
<area shape="rect" href="gmmb_cmeans.html" title="gmmb_cmeans" alt="gmmb_cmeans" coords="1332,400,1503,448">
<area shape="rect" href="gmmbvl_em_gauss.html" title="gmmbvl_em_gauss" alt="gmmbvl_em_gauss" coords="2212,496,2423,544">
<area shape="rect" href="gmmbvl_em_init_km.html" title="gmmbvl_em_init_km" alt="gmmbvl_em_init_km" coords="2415,400,2652,448">
<area shape="rect" href="gmmbvl_em_step.html" title="gmmbvl_em_step" alt="gmmbvl_em_step" coords="1820,400,2017,448">
<area shape="rect" href="gmmbvl_rand_split.html" title="gmmbvl_rand_split" alt="gmmbvl_rand_split" coords="2041,400,2255,448">
<area shape="rect" href="gmmb_hist.html" title="gmmb_hist" alt="gmmb_hist" coords="57,112,191,160">
<area shape="rect" href="gmmbvl_demo1d.html" title="gmmbvl_demo1d" alt="gmmbvl_demo1d" coords="2043,208,2232,256">
<area shape="rect" href="gmmbvl_mixgen.html" title="gmmbvl_mixgen" alt="gmmbvl_mixgen" coords="2248,304,2437,352">
<area shape="rect" href="gmmbvl_demo2d.html" title="gmmbvl_demo2d" alt="gmmbvl_demo2d" coords="2256,208,2451,256">
<area shape="rect" href="gmmbvl_kmeans.html" title="gmmbvl_kmeans" alt="gmmbvl_kmeans" coords="2447,496,2639,544">
<area shape="rect" href="gmmbvl_sqdist.html" title="gmmbvl_sqdist" alt="gmmbvl_sqdist" coords="2457,592,2628,640">
<area shape="rect" href="gmmbvl_ellipse.html" title="gmmbvl_ellipse" alt="gmmbvl_ellipse" coords="1668,496,1844,544">
<area shape="rect" href="gmmbvl_em_step_partial.html" title="gmmbvl_em_step_partial" alt="gmmbvl_em_step_partial" coords="1919,496,2188,544">
<area shape="rect" href="Contents.html" title="Contents" alt="Contents" coords="1196,16,1305,64">
<area shape="rect" href="gmmb_lhood2frac.html" title="gmmb_lhood2frac" alt="gmmb_lhood2frac" coords="1329,16,1532,64">
<area shape="rect" href="gmmb_version.html" title="gmmb_version" alt="gmmb_version" coords="1556,16,1724,64">
<area shape="rect" href="gmmbvl_plot2.html" title="gmmbvl_plot2" alt="gmmbvl_plot2" coords="1748,16,1913,64">
